LSP stdio smoke test — target/release/cairn-lsp --root /Users/george/repos/cairn-wt/lsp-spine
Date: 2026-07-10

Sequence:
  client -> initialize (id=1)
  server -> InitializeResult (id=1)
  client -> initialized (notification)
  server -> textDocument/publishDiagnostics  (watch thread initial scan via shared loop)
  client -> shutdown (id=2)
  server -> {} (id=2)
  client -> exit (notification)
  server exits cleanly (no stderr)

Observed publishDiagnostics:
  URI: file:///Users/george/repos/cairn-wt/lsp-spine/docs/registries/spec-rules.md
  diagnostics: 1
    message: spec rule `ADR revisit_triggers appear relevant to recent changes` (spec:634) is pending but names no enforcer
    severity: 3 (info)
    source: cairn

Interpretation: the LSP background rescan is driven by crate::watch::run_watch_loop
with a scan closure that calls crate::query_api::lint_findings (the shared lint
operation). No scanner::scan call and no private rescan loop remain in src/lsp.
