---
source: tests/wire_format_snapshots.rs
expression: value
---
{
  "children": [],
  "contracts": [
    "./meta/contracts/api.md"
  ],
  "description": "api",
  "files": [
    "src/api/lib.rs"
  ],
  "id": "app.api",
  "kind": "container",
  "name": "Api",
  "parent": "app",
  "paths": [
    "./src/api"
  ],
  "schema_version": 1,
  "state": "synced",
  "tags": [
    "backend"
  ]
}
