---
source: tests/wire_format_snapshots.rs
expression: value
---
{
  "decisions": [
    {
      "body": "# API Decision\nUse stable JSON payloads.",
      "date": "2026-04-01",
      "id": "dec.api",
      "informed_by": [
        "res.api"
      ],
      "nodes": [
        "app.api"
      ],
      "path": "meta/decisions/api.md",
      "ratification": "binding",
      "ratified_by": "maintainer",
      "refines": [],
      "related": [],
      "revisit_triggers": [],
      "revisited": null,
      "status": "accepted",
      "supersedes": [],
      "title": "API Decision"
    }
  ],
  "node": "app.api",
  "schema_version": 8
}
