---
source: tests/wire_format_snapshots.rs
expression: value
---
{
  "decision_index": {
    "dec.api": {
      "date": "2026-04-01",
      "status": "accepted"
    },
    "dec.queue": {
      "date": "2026-04-02",
      "status": "proposed"
    }
  },
  "decisions": [
    {
      "body": "# API Decision\nUse stable JSON payloads.",
      "date": "2026-04-01",
      "id": "dec.api",
      "informed_by": [
        "res.api"
      ],
      "nodes": [
        "app.api"
      ],
      "path": "meta/decisions/api.md",
      "ratification": "binding",
      "ratified_by": "maintainer",
      "refined_by": [],
      "refines": [],
      "related": [],
      "revisit_triggers": [],
      "revisited": null,
      "status": "accepted",
      "superseded_by": [],
      "supersedes": [],
      "title": "API Decision"
    }
  ],
  "node": "app.api",
  "schema_version": 11
}
