---
source: tests/wire_format_snapshots.rs
expression: value
---
{
  "findings": [
    {
      "code": "CAIRN_ORDER_CYCLE",
      "deferred_by": null,
      "message": "dependency cycle: app.api -> app.core -> app.api",
      "node": "app.api",
      "parked_by": null,
      "path": null,
      "severity": "error"
    }
  ],
  "schema_version": 7,
  "strict_green": false
}
