---
source: tests/wire_format_snapshots.rs
expression: value
---
{
  "artefacts": [
    {
      "body": "# API Contract\nGET /api/status returns health details.",
      "frontmatter": {
        "node": "app.api"
      },
      "path": "./meta/contracts/api.md",
      "title": "API Contract",
      "type": "contract"
    }
  ],
  "node": "app.api",
  "schema_version": 1
}
