---
source: tests/wire_format_snapshots.rs
expression: value
---
{
  "active_changes": [],
  "next_recommended": {
    "command": "cairn change new <change-id>  // affected: app.core",
    "node": "app.core",
    "rank": 3,
    "source": "finding",
    "title": "Blueprint changes require a recorded decision. Create a change directory with a decision artefact."
  },
  "open_todos": [
    {
      "created": "2026-04-01",
      "node": "app.api",
      "path": "<todo>",
      "satisfies": "status.contract",
      "status": "open"
    }
  ],
  "recent_log_entries": [
    "- note: bootstrap log entry"
  ],
  "schema_version": 4
}
